
> paybridge-workers@1.0.0 dev
> vite --host 127.0.0.1 --port 5175

npm.cmd : [31mfailed to load config from C:\Users\Solomon\paybridge-workers\vite.config.ts[39m
    + CategoryInfo          : NotSpecified: ([31mfailed to ....config.ts[39m:String) [], RemoteException
    + FullyQualifiedErrorId : NativeCommandError
 
[31merror when starting dev server:
Error: spawn EPERM
    at ChildProcess.spawn (node:internal/child_process:421:11)
    at Object.spawn (node:child_process:796:9)
    at ensureServiceIsRunning (C:\Users\Solomon\paybridge-workers\node_modules\esbuild\lib\main.js:1975:29)
    at build (C:\Users\Solomon\paybridge-workers\node_modules\esbuild\lib\main.js:1873:26)
    at bundleConfigFile 
(file:///C:/Users/Solomon/paybridge-workers/node_modules/vite/dist/node/chunks/dep-BK3b2jBa.js:66845:24)
    at loadConfigFromFile 
(file:///C:/Users/Solomon/paybridge-workers/node_modules/vite/dist/node/chunks/dep-BK3b2jBa.js:66815:27)
    at resolveConfig 
(file:///C:/Users/Solomon/paybridge-workers/node_modules/vite/dist/node/chunks/dep-BK3b2jBa.js:66416:30)
    at _createServer 
(file:///C:/Users/Solomon/paybridge-workers/node_modules/vite/dist/node/chunks/dep-BK3b2jBa.js:63015:24)
    at createServer 
(file:///C:/Users/Solomon/paybridge-workers/node_modules/vite/dist/node/chunks/dep-BK3b2jBa.js:63012:10)
    at CAC.<anonymous> (file:///C:/Users/Solomon/paybridge-workers/node_modules/vite/dist/node/cli.js:736:26)[39m
